components/pos/POSCartSidebar.tsx(181,33): error TS2322: Type 'string' is not assignable to type '"en" | "ar"'.
components/pos/POSCartSidebar.tsx(228,25): error TS2322: Type 'string' is not assignable to type '"en" | "ar"'.
